Lockfile is up to date, resolution step is skipped
Progress: resolved 1, reused 0, downloaded 0, added 0
Packages: +394
++++++++++++++++++++++++++++++++++++++++++++++++++++++++++++++++++++++++++++++++
Progress: resolved 394, reused 0, downloaded 8, added 0

   ╭──────────────────────────────────────────╮
   │                                          │
   │   Update available! 10.28.0 → 10.30.1.   │
   │   Changelog: https://pnpm.io/v/10.30.1   │
   │     To update, run: pnpm add -g pnpm     │
   │                                          │
   ╰──────────────────────────────────────────╯

Progress: resolved 394, reused 0, downloaded 33, added 9
Progress: resolved 394, reused 0, downloaded 52, added 17
Progress: resolved 394, reused 0, downloaded 53, added 17
Progress: resolved 394, reused 0, downloaded 112, added 52
Progress: resolved 394, reused 0, downloaded 222, added 160
Progress: resolved 394, reused 0, downloaded 393, added 393
Progress: resolved 394, reused 0, downloaded 394, added 393
Progress: resolved 394, reused 0, downloaded 394, added 394, done

dependencies:
+ @supabase/ssr 0.8.0
+ @supabase/supabase-js 2.89.0
+ @vercel/analytics 1.6.1
+ clsx 2.1.1
+ lucide-react 0.561.0
+ next 16.1.1
+ react 19.2.3
+ react-dom 19.2.3
+ zod 3.25.76

devDependencies:
+ @playwright/test 1.57.0
+ @types/node 20.19.27
+ @types/react 18.3.27
+ @types/react-dom 18.3.7
+ autoprefixer 10.4.23
+ eslint 8.57.1
+ eslint-config-next 14.2.35
+ postcss 8.5.6
+ tailwindcss 3.4.19
+ typescript 5.9.3

╭ Warning ─────────────────────────────────────────────────────────────────────╮
│                                                                              │
│   Ignored build scripts: sharp@0.34.5, unrs-resolver@1.11.1.                 │
│   Run "pnpm approve-builds" to pick which dependencies should be allowed     │
│   to run scripts.                                                            │
│                                                                              │
╰──────────────────────────────────────────────────────────────────────────────╯
Done in 11.2s using pnpm v10.28.0
